[foo, 0, 0] => foo, -1, 0 
[foo, 0, 1] => foo, -1, 0 
[foo, 0, 50] => foo, -1, 48 
[foo, 0, 49] => foo, -1, 47 
[foo, -1, 0] => foo, -2, 0 
[foo, -1, 1] => foo, -2, 0 
[foo, -1, 50] => foo, -2, 48 
[foo, -1, 49] => foo, -2, 47 
[foo, 13, 0] => foo, 12, 0 
[foo, 13, 1] => foo, 12, 0 
[foo, 13, 50] => foo, 12, 49 
[foo, 13, 49] => foo, 12, 48 
[Sulfuras, Hand of Ragnaros, 0, 0] => Sulfuras, Hand of Ragnaros, 0, 0 
[Sulfuras, Hand of Ragnaros, 0, 1] => Sulfuras, Hand of Ragnaros, 0, 1 
[Sulfuras, Hand of Ragnaros, 0, 50] => Sulfuras, Hand of Ragnaros, 0, 50 
[Sulfuras, Hand of Ragnaros, 0, 49] => Sulfuras, Hand of Ragnaros, 0, 49 
[Sulfuras, Hand of Ragnaros, -1, 0] => Sulfuras, Hand of Ragnaros, -1, 0 
[Sulfuras, Hand of Ragnaros, -1, 1] => Sulfuras, Hand of Ragnaros, -1, 1 
[Sulfuras, Hand of Ragnaros, -1, 50] => Sulfuras, Hand of Ragnaros, -1, 50 
[Sulfuras, Hand of Ragnaros, -1, 49] => Sulfuras, Hand of Ragnaros, -1, 49 
[Sulfuras, Hand of Ragnaros, 13, 0] => Sulfuras, Hand of Ragnaros, 13, 0 
[Sulfuras, Hand of Ragnaros, 13, 1] => Sulfuras, Hand of Ragnaros, 13, 1 
[Sulfuras, Hand of Ragnaros, 13, 50] => Sulfuras, Hand of Ragnaros, 13, 50 
[Sulfuras, Hand of Ragnaros, 13, 49] => Sulfuras, Hand of Ragnaros, 13, 49 
[Aged Brie, 0, 0] => Aged Brie, -1, 2 
[Aged Brie, 0, 1] => Aged Brie, -1, 3 
[Aged Brie, 0, 50] => Aged Brie, -1, 50 
[Aged Brie, 0, 49] => Aged Brie, -1, 50 
[Aged Brie, -1, 0] => Aged Brie, -2, 2 
[Aged Brie, -1, 1] => Aged Brie, -2, 3 
[Aged Brie, -1, 50] => Aged Brie, -2, 50 
[Aged Brie, -1, 49] => Aged Brie, -2, 50 
[Aged Brie, 13, 0] => Aged Brie, 12, 1 
[Aged Brie, 13, 1] => Aged Brie, 12, 2 
[Aged Brie, 13, 50] => Aged Brie, 12, 50 
[Aged Brie, 13, 49] => Aged Brie, 12, 50 
[Backstage passes to a TAFKAL80ETC concert, 0, 0] => Backstage passes to a TAFKAL80ETC concert, -1, 0 
[Backstage passes to a TAFKAL80ETC concert, 0, 1] => Backstage passes to a TAFKAL80ETC concert, -1, 0 
[Backstage passes to a TAFKAL80ETC concert, 0, 50] => Backstage passes to a TAFKAL80ETC concert, -1, 0 
[Backstage passes to a TAFKAL80ETC concert, 0, 49] => Backstage passes to a TAFKAL80ETC concert, -1, 0 
[Backstage passes to a TAFKAL80ETC concert, -1, 0] => Backstage passes to a TAFKAL80ETC concert, -2, 0 
[Backstage passes to a TAFKAL80ETC concert, -1, 1] => Backstage passes to a TAFKAL80ETC concert, -2, 0 
[Backstage passes to a TAFKAL80ETC concert, -1, 50] => Backstage passes to a TAFKAL80ETC concert, -2, 0 
[Backstage passes to a TAFKAL80ETC concert, -1, 49] => Backstage passes to a TAFKAL80ETC concert, -2, 0 
[Backstage passes to a TAFKAL80ETC concert, 13, 0] => Backstage passes to a TAFKAL80ETC concert, 12, 1 
[Backstage passes to a TAFKAL80ETC concert, 13, 1] => Backstage passes to a TAFKAL80ETC concert, 12, 2 
[Backstage passes to a TAFKAL80ETC concert, 13, 50] => Backstage passes to a TAFKAL80ETC concert, 12, 50 
[Backstage passes to a TAFKAL80ETC concert, 13, 49] => Backstage passes to a TAFKAL80ETC concert, 12, 50 
